     diagonalizing the dynamical matrix ...

 q =       0.0000      0.0000      0.0000
 **************************************************************************
     freq (    1) =      -0.000000 [THz] =      -0.000014 [cm-1]
 ( -0.015266   0.000000    -0.094470   0.000000    -0.700601   0.000000   )
 ( -0.015266   0.000000    -0.094470   0.000000    -0.700601   0.000000   )
     freq (    2) =      -0.000000 [THz] =      -0.000006 [cm-1]
 ( -0.651856   0.000000     0.273078   0.000000    -0.022619   0.000000   )
 ( -0.651856   0.000000     0.273078   0.000000    -0.022619   0.000000   )
     freq (    3) =       0.000001 [THz] =       0.000019 [cm-1]
 ( -0.273588   0.000000    -0.645371   0.000000     0.092984   0.000000   )
 ( -0.273588   0.000000    -0.645371   0.000000     0.092984   0.000000   )
     freq (    4) =      26.165022 [THz] =     872.771190 [cm-1]
 (  0.000000   0.000000    -0.000000   0.000000    -0.707107   0.000000   )
 ( -0.000000   0.000000    -0.000000   0.000000     0.707107   0.000000   )
     freq (    5) =      46.182837 [THz] =    1540.493621 [cm-1]
 (  0.628070   0.000000     0.324851   0.000000     0.000000   0.000000   )
 ( -0.628070   0.000000    -0.324851   0.000000     0.000000   0.000000   )
     freq (    6) =      46.182837 [THz] =    1540.493621 [cm-1]
 ( -0.324851   0.000000     0.628070   0.000000    -0.000000   0.000000   )
 (  0.324851   0.000000    -0.628070   0.000000     0.000000   0.000000   )
 **************************************************************************
