
     Program DYNMAT v.7.4.1 starts on 24Jul2026 at 16:15:53 

     This program is part of the open-source Quantum ESPRESSO suite
     for quantum simulation of materials; please cite
         "P. Giannozzi et al., J. Phys.:Condens. Matter 21 395502 (2009);
         "P. Giannozzi et al., J. Phys.:Condens. Matter 29 465901 (2017);
         "P. Giannozzi et al., J. Chem. Phys. 152 154105 (2020);
          URL http://www.quantum-espresso.org", 
     in publications or presentations arising from this work. More details at
     http://www.quantum-espresso.org/quote

     Parallel version (MPI & OpenMP), running on      36 processor cores
     Number of MPI processes:                 6
     Threads/MPI process:                     6

     MPI processes distributed on     1 nodes
     R & G space division:  proc/nbgrp/npool/nimage =       6
     14836 MiB available memory on the printing compute node when the environment starts


     Reading Dynamical Matrix from file graphene_scf.dyn1
     ...Force constants read
     ...epsilon and Z* not read (not found on file)
     Acoustic Sum Rule: || Z*(ASR) - Z*(orig)|| =    0.000000E+00
     Acoustic Sum Rule: ||dyn(ASR) - dyn(orig)||=    6.278547E-03
     A direction for q was not specified:TO-LO splitting will be absent

     Polarizability (A^3 units)
     multiply by 1.000000 for Clausius-Mossotti correction
         0.000000    0.000000    0.000000
         0.000000    0.000000    0.000000
         0.000000    0.000000    0.000000

     IR activities are in (D/A)^2/amu units

# mode   [cm-1]    [THz]      IR
    1     -0.00   -0.0000    0.0000
    2     -0.00   -0.0000    0.0000
    3      0.00    0.0000    0.0000
    4    872.77   26.1650    0.0000
    5   1540.49   46.1828    0.0000
    6   1540.49   46.1828    0.0000

     DYNMAT       :      0.00s CPU      0.00s WALL


   This run was terminated on:  16:15:53  24Jul2026            

=------------------------------------------------------------------------------=
   JOB DONE.
=------------------------------------------------------------------------------=
