
     Program PHONON v.7.4.1 starts on 24Jul2026 at  7:57:44 

     This program is part of the open-source Quantum ESPRESSO suite
     for quantum simulation of materials; please cite
         "P. Giannozzi et al., J. Phys.:Condens. Matter 21 395502 (2009);
         "P. Giannozzi et al., J. Phys.:Condens. Matter 29 465901 (2017);
         "P. Giannozzi et al., J. Chem. Phys. 152 154105 (2020);
          URL http://www.quantum-espresso.org", 
     in publications or presentations arising from this work. More details at
     http://www.quantum-espresso.org/quote

     Parallel version (MPI & OpenMP), running on      36 processor cores
     Number of MPI processes:                 6
     Threads/MPI process:                     6

     MPI processes distributed on     1 nodes
     14845 MiB available memory on the printing compute node when the environment starts

     Reading input from graphene_ph.in
      Title line not specified: using 'default'.

     Reading xml data from directory:

     ./temp/graphene.save/

     R & G space division:  proc/nbgrp/npool/nimage =       6
     Subspace diagonalization in iterative solution of the eigenvalue problem:
     a serial algorithm will be used


     IMPORTANT: XC functional enforced from input :
     Exchange-correlation= PBE
                           (   1   4   3   4   0   0   0)
     Any further DFT definition will be discarded
     Please, verify this is what you really want


     Parallelization info
     --------------------
     sticks:   dense  smooth     PW     G-vecs:    dense   smooth      PW
     Min          99      40     13                 5903     1494     283
     Max         100      41     15                 5912     1501     288
     Sum         595     241     85                35435     8973    1713

     Using Slab Decomposition


     Check: negative core charge=   -0.000004

     negative rho (up, down):  9.544E-06 0.000E+00
     Reading collected, re-writing distributed wavefunctions in ./temp/


     Dynamical matrices for ( 1, 1, 1)  uniform grid of q-points
     (   1 q-points):
       N         xq(1)         xq(2)         xq(3) 
       1   0.000000000   0.000000000   0.000000000

     Number and degeneracy of irreps per q-point
       N         xq(1)         xq(2)         xq(3)   N irreps
       1   0.000000000   0.000000000   0.000000000       4
        1   2   1   2

     Calculation of q =    0.0000000   0.0000000   0.0000000

     default                                                                    

     bravais-lattice index     =            4
     lattice parameter (alat)  =       4.6540  a.u.
     unit-cell volume          =     261.8973 (a.u.)^3
     number of atoms/cell      =            2
     number of atomic types    =            1
     kinetic-energy cut-off    =      40.0000  Ry
     charge density cut-off    =     400.0000  Ry
     convergence threshold     =      1.0E-14
     beta                      =       0.7000
     number of iterations used =            4
     Exchange-correlation= PBE
                           (   1   4   3   4   0   0   0)


     celldm(1)=    4.65400  celldm(2)=    0.00000  celldm(3)=    3.00000
     celldm(4)=    0.00000  celldm(5)=    0.00000  celldm(6)=    0.00000

     crystal axes: (cart. coord. in units of alat)
               a(1) = (  1.0000  0.0000  0.0000 )  
               a(2) = ( -0.5000  0.8660  0.0000 )  
               a(3) = (  0.0000  0.0000  3.0000 )  

     reciprocal axes: (cart. coord. in units 2 pi/alat)
               b(1) = (  1.0000  0.5774 -0.0000 )  
               b(2) = (  0.0000  1.1547  0.0000 )  
               b(3) = (  0.0000 -0.0000  0.3333 )  


     Atoms inside the unit cell: 

     Cartesian axes

     site n.  atom      mass           positions (alat units)
        1  C      12.0107   tau(    1) = (    0.00000    0.00000    0.00000  )
        2  C      12.0107   tau(    2) = (    0.00000    0.57735    0.00000  )

     Computing dynamical matrix for 
                    q = (   0.0000000   0.0000000   0.0000000 )

     25 Sym.Ops. (with q -> -q+G )


     G cutoff =  219.4588  (   5912 G-vectors)     FFT grid: ( 30, 30, 90)
     G cutoff =   87.7835  (   1494 G-vectors)  smooth grid: ( 24, 24, 60)

     number of k points=    61  Gaussian smearing, width (Ry)=  0.0100

     PseudoPot. # 1 for C  read from file:
     ./C.pbe-n-rrkjus_psl.1.0.0.UPF
     MD5 check sum: 1fdd950c42eb37d8afe3dd2f8d12311e
     Pseudo is Ultrasoft + core correction, Zval =  4.0
     Generated using &quot;atomic&quot; code by A. Dal Corso  v.6.3MaX
     Using radial grid of 1073 points,  4 beta functions with: 
                l(1) =   0
                l(2) =   0
                l(3) =   1
                l(4) =   1
     Q(r) pseudized with 0 coefficients 


     Mode symmetry, D_6h(6/mmm) point group:


     Atomic displacements:
     There are    4 irreducible representations

     Representation     1      1 modes -  To be done

     Representation     2      2 modes -  To be done

     Representation     3      1 modes -  To be done

     Representation     4      2 modes -  To be done



     Alpha used in Ewald sum =   2.8000

     negative rho (up, down):  9.544E-06 0.000E+00
     PHONON       :   3m28.33s CPU   3m34.23s WALL



     Representation #   1 mode #   1

     Self-consistent Calculation

     Pert. #  1: Fermi energy shift (Ry) =     0.0000E+00     0.0000E+00

      iter #   1 total cpu time :   681.7 secs   av.it.:   4.0
      thresh= 1.000E-02 alpha_mix =  0.700 |ddv_scf|^2 =  7.487E-07

     Pert. #  1: Fermi energy shift (Ry) =     0.0000E+00     0.0000E+00

      iter #   2 total cpu time :  1300.6 secs   av.it.:   6.7
      thresh= 8.653E-05 alpha_mix =  0.700 |ddv_scf|^2 =  6.778E-08

     Pert. #  1: Fermi energy shift (Ry) =     0.0000E+00     0.0000E+00

      iter #   3 total cpu time :  1882.9 secs   av.it.:   6.4
      thresh= 2.603E-05 alpha_mix =  0.700 |ddv_scf|^2 =  1.719E-11

     Pert. #  1: Fermi energy shift (Ry) =     0.0000E+00     0.0000E+00

      iter #   4 total cpu time :  2603.0 secs   av.it.:   8.2
      thresh= 4.146E-07 alpha_mix =  0.700 |ddv_scf|^2 =  3.553E-13

     Pert. #  1: Fermi energy shift (Ry) =     0.0000E+00     0.0000E+00

      iter #   5 total cpu time :  3237.8 secs   av.it.:   7.3
      thresh= 5.961E-08 alpha_mix =  0.700 |ddv_scf|^2 =  9.659E-16

     End of self-consistent calculation

     Convergence has been achieved 


     Representation #   2 modes #   2   3

     Self-consistent Calculation

     Pert. #  1: Fermi energy shift (Ry) =     1.0842E-19     9.1835E-41
     Pert. #  2: Fermi energy shift (Ry) =    -2.3491E-19     0.0000E+00

      iter #   1 total cpu time :  4346.3 secs   av.it.:   5.1
      thresh= 1.000E-02 alpha_mix =  0.700 |ddv_scf|^2 =  1.527E-07

     Pert. #  1: Fermi energy shift (Ry) =     7.0586E-23    -1.2245E-40
     Pert. #  2: Fermi energy shift (Ry) =     1.7647E-21    -2.4489E-40

      iter #   2 total cpu time :  5931.8 secs   av.it.:   9.3
      thresh= 3.908E-05 alpha_mix =  0.700 |ddv_scf|^2 =  6.453E-09

     Pert. #  1: Fermi energy shift (Ry) =     2.2940E-22     0.0000E+00
     Pert. #  2: Fermi energy shift (Ry) =     2.9999E-22    -2.1428E-40

      iter #   3 total cpu time :  7308.4 secs   av.it.:   7.9
      thresh= 8.033E-06 alpha_mix =  0.700 |ddv_scf|^2 =  2.543E-10

     Pert. #  1: Fermi energy shift (Ry) =     0.0000E+00    -1.2245E-40
     Pert. #  2: Fermi energy shift (Ry) =     4.4116E-24    -2.4489E-40

      iter #   4 total cpu time :  8714.6 secs   av.it.:   8.2
      thresh= 1.595E-06 alpha_mix =  0.700 |ddv_scf|^2 =  5.764E-14

     Pert. #  1: Fermi energy shift (Ry) =     1.3235E-23    -1.2245E-40
     Pert. #  2: Fermi energy shift (Ry) =     4.4116E-23    -2.4489E-40

      iter #   5 total cpu time : 10191.4 secs   av.it.:   8.5
      thresh= 2.401E-08 alpha_mix =  0.700 |ddv_scf|^2 =  2.796E-16

     End of self-consistent calculation

     Convergence has been achieved 


     Representation #   3 mode #   4

     Self-consistent Calculation

     Pert. #  1: Fermi energy shift (Ry) =    -2.2058E-24     0.0000E+00

      iter #   1 total cpu time : 10803.6 secs   av.it.:   6.0
      thresh= 1.000E-02 alpha_mix =  0.700 |ddv_scf|^2 =  4.726E-05

     Pert. #  1: Fermi energy shift (Ry) =     4.4116E-24     0.0000E+00

      iter #   2 total cpu time : 11502.1 secs   av.it.:   8.1
      thresh= 6.874E-04 alpha_mix =  0.700 |ddv_scf|^2 =  2.638E-05

     Pert. #  1: Fermi energy shift (Ry) =     2.2058E-24     0.0000E+00

      iter #   3 total cpu time : 12177.5 secs   av.it.:   7.5
      thresh= 5.137E-04 alpha_mix =  0.700 |ddv_scf|^2 =  5.647E-08

     Pert. #  1: Fermi energy shift (Ry) =    -2.2058E-24     0.0000E+00

      iter #   4 total cpu time : 12758.0 secs   av.it.:   6.4
      thresh= 2.376E-05 alpha_mix =  0.700 |ddv_scf|^2 =  1.761E-11

     Pert. #  1: Fermi energy shift (Ry) =     2.2058E-24     0.0000E+00

      iter #   5 total cpu time : 13389.8 secs   av.it.:   7.0
      thresh= 4.196E-07 alpha_mix =  0.700 |ddv_scf|^2 =  9.628E-13

     Pert. #  1: Fermi energy shift (Ry) =     0.0000E+00     0.0000E+00

      iter #   6 total cpu time : 14004.5 secs   av.it.:   6.8
      thresh= 9.812E-08 alpha_mix =  0.700 |ddv_scf|^2 =  6.430E-16

     End of self-consistent calculation

     Convergence has been achieved 


     Representation #   4 modes #   5   6

     Self-consistent Calculation

     Pert. #  1: Fermi energy shift (Ry) =     2.7573E-25    -2.4074E-35
     Pert. #  2: Fermi energy shift (Ry) =     6.8932E-25     1.6049E-35

      iter #   1 total cpu time : 15059.1 secs   av.it.:   4.9
      thresh= 1.000E-02 alpha_mix =  0.700 |ddv_scf|^2 =  9.633E-08

     Pert. #  1: Fermi energy shift (Ry) =    -2.7573E-25     1.2539E-37
     Pert. #  2: Fermi energy shift (Ry) =     6.8932E-25    -9.4040E-38

      iter #   2 total cpu time : 16572.1 secs   av.it.:   8.7
      thresh= 3.104E-05 alpha_mix =  0.700 |ddv_scf|^2 =  7.600E-09

     Pert. #  1: Fermi energy shift (Ry) =    -2.7573E-25    -1.7632E-38
     Pert. #  2: Fermi energy shift (Ry) =     6.8932E-25     9.7958E-40

      iter #   3 total cpu time : 17954.8 secs   av.it.:   7.9
      thresh= 8.718E-06 alpha_mix =  0.700 |ddv_scf|^2 =  2.756E-11

     Pert. #  1: Fermi energy shift (Ry) =    -5.5145E-25    -1.9592E-39
     Pert. #  2: Fermi energy shift (Ry) =     2.7573E-25    -2.9387E-39

      iter #   4 total cpu time : 19454.5 secs   av.it.:   8.7
      thresh= 5.250E-07 alpha_mix =  0.700 |ddv_scf|^2 =  5.894E-14

     Pert. #  1: Fermi energy shift (Ry) =     0.0000E+00     0.0000E+00
     Pert. #  2: Fermi energy shift (Ry) =     0.0000E+00    -4.8979E-40

      iter #   5 total cpu time : 20952.8 secs   av.it.:   8.8
      thresh= 2.428E-08 alpha_mix =  0.700 |ddv_scf|^2 =  1.271E-16

     End of self-consistent calculation

     Convergence has been achieved 

     Number of q in the star =    1
     List of q in the star:
          1   0.000000000   0.000000000   0.000000000

     Diagonalizing the dynamical matrix

     q = (    0.000000000   0.000000000   0.000000000 ) 

 **************************************************************************
     freq (    1) =      -2.205225 [THz] =     -73.558396 [cm-1]
     freq (    2) =       1.651641 [THz] =      55.092819 [cm-1]
     freq (    3) =       1.651641 [THz] =      55.092819 [cm-1]
     freq (    4) =      26.165022 [THz] =     872.771194 [cm-1]
     freq (    5) =      46.182837 [THz] =    1540.493624 [cm-1]
     freq (    6) =      46.182837 [THz] =    1540.493624 [cm-1]
 **************************************************************************

     Mode symmetry, D_6h(6/mmm) point group:

     freq (   1-   1) =        -73.6  [cm-1]   --> A_2u            I  
     freq (   2-   3) =         55.1  [cm-1]   --> E_1u            I  
     freq (   4-   4) =        872.8  [cm-1]   --> B_1g               
     freq (   5-   6) =       1540.5  [cm-1]   --> E_2g            R  

     PHONON       :      5h48m CPU      5h49m WALL

     INITIALIZATION: 
     phq_setup    :      0.79s CPU      0.81s WALL (       1 calls)
     phq_init     :    198.29s CPU    204.23s WALL (       1 calls)

     phq_init     :    198.29s CPU    204.23s WALL (       1 calls)
     set_drhoc    :      0.06s CPU      0.06s WALL (       3 calls)
     init_vloc    :      0.11s CPU      0.08s WALL (       1 calls)
     init_us_1    :      0.14s CPU      0.13s WALL (       1 calls)
     init_us_2    :     50.35s CPU     49.73s WALL (    2196 calls)
     newd         :      0.23s CPU      0.24s WALL (       1 calls)
     dvanqq       :      8.49s CPU      9.19s WALL (       1 calls)
     drho         :    177.53s CPU    182.92s WALL (       1 calls)
     drhous       :    175.35s CPU    180.76s WALL (       1 calls)
     nldyntot     :      0.02s CPU      0.03s WALL (       1 calls)

     DYNAMICAL MATRIX:
     dynmat0      :      6.80s CPU      6.70s WALL (       1 calls)
     dynmat_us    :      5.88s CPU      5.77s WALL (       1 calls)
     addusdynmat  :      0.00s CPU      0.00s WALL (       1 calls)
     d2ionq       :      0.11s CPU      0.11s WALL (       1 calls)
     dynmatcc     :      0.81s CPU      0.82s WALL (       1 calls)
     phqscf       :  20699.22s CPU  20746.60s WALL (       1 calls)
     dynmatrix    :      0.00s CPU      0.00s WALL (       1 calls)

     phqscf       :  20699.22s CPU  20746.60s WALL (       1 calls)
     solve_linter :  20676.04s CPU  20723.36s WALL (       4 calls)
     sth_kernel   :  20070.49s CPU  20116.24s WALL (      21 calls)
     h_prec       :     60.60s CPU     60.81s WALL (    1281 calls)
     apply_dpot_b :    864.00s CPU    865.80s WALL (    1525 calls)
     ortho        :    153.94s CPU    154.38s WALL (    1891 calls)
     cgsolve      :  17785.70s CPU  17828.66s WALL (    1891 calls)
     incdrhoscf   :   1179.67s CPU   1180.91s WALL (    1891 calls)
                                        0.00s GPU  (    1891 calls)
     addusddens   :      4.36s CPU      4.40s WALL (      25 calls)
     dv_of_drho   :     25.15s CPU     25.20s WALL (      31 calls)
     mix_pot      :      1.48s CPU      1.49s WALL (      21 calls)
     ef_shift     :      5.94s CPU      6.02s WALL (      21 calls)
     ef_shift_wfc :      0.00s CPU      0.02s WALL (       4 calls)
     localdos     :     90.60s CPU     91.02s WALL (       4 calls)
     drhodv       :     23.10s CPU     23.14s WALL (       4 calls)
     psymdvscf    :      1.76s CPU      2.05s WALL (      21 calls)
     newdq        :      4.33s CPU      4.31s WALL (      21 calls)
     adddvscf     :      0.04s CPU      0.04s WALL (    1525 calls)
     com_dvloc    :     26.41s CPU     26.47s WALL (     396 calls)
                                        0.00s GPU  (     396 calls)
     addcore      :      5.53s CPU      5.41s WALL (      73 calls)
                                        0.00s GPU  (      73 calls)
     drhodvus     :      0.03s CPU      0.04s WALL (       4 calls)

     dvqpsi_us    :    447.18s CPU    447.98s WALL (     366 calls)
                                        0.00s GPU  (     366 calls)
     dvqpsi_us_on :      0.06s CPU      0.06s WALL (     366 calls)

     add_vuspsi   :      0.25s CPU      0.29s WALL (   17588 calls)
     addusdbec    :    120.79s CPU    121.69s WALL (    2257 calls)

     drhodvus     :      0.03s CPU      0.04s WALL (       4 calls)

      General routines
     calbec       :   1330.07s CPU   1352.38s WALL (   41642 calls)
     fft          :     49.99s CPU     49.92s WALL (     694 calls)
     ffts         :    100.15s CPU    100.03s WALL (    1449 calls)
     fftw         :  10434.76s CPU  10461.05s WALL (  153918 calls)
     davcio       :      0.38s CPU      0.71s WALL (    9205 calls)
     write_rec    :      0.24s CPU      0.26s WALL (      25 calls)

      Additional routines
     ch_psi       :  16691.74s CPU  16734.14s WALL (   17588 calls)
     last         :   1571.16s CPU   1575.80s WALL (   17588 calls)
     Hesh         :      0.05s CPU      0.04s WALL (   17588 calls)
     ch_psi_all_k :   1571.04s CPU   1575.68s WALL (   17588 calls)
                                        0.00s GPU  (   17588 calls)
     ch_psi_calbe :    263.44s CPU    267.37s WALL (   17588 calls)
                                        0.00s GPU  (   17588 calls)
     h_psi_bgrp   :  14761.03s CPU  14810.15s WALL (   17588 calls)
     h_psi        :  14760.95s CPU  14810.03s WALL (   17588 calls)
     h_psi:pot    :  14357.75s CPU  14401.55s WALL (   17588 calls)
     h_psi:calbec :    887.14s CPU    899.22s WALL (   17588 calls)
     s_psi_bgrp   :    792.50s CPU    784.11s WALL (   37067 calls)
     s_psi        :      0.52s CPU      0.42s WALL (   37067 calls)


     PHONON       :      5h48m CPU      5h49m WALL


   This run was terminated on:  13:47: 5  24Jul2026            

=------------------------------------------------------------------------------=
   JOB DONE.
=------------------------------------------------------------------------------=
Note: The following floating-point exceptions are signalling: IEEE_DENORMAL
Note: The following floating-point exceptions are signalling: IEEE_DENORMAL
